// Jest Snapshot v1, https://goo.gl/fbAQLP

exports[`<Dashboard/> check static elements on dashboard 1`] = `
<div>
  <div
    class="dashboard-container"
  >
    <div
      class="navbar"
    >
      <div
        class="profile"
      >
        <span
          class="profile-info"
        >
          <div
            class="profile-name"
            data-testid="id-profile-name"
          >
            Cody Simmons
          </div>
          <div
            class="profile-designation"
          >
            Lecturer
          </div>
        </span>
        <span
          class="profile-avatar"
        >
          <img
            alt="avatar"
            height="50px"
            src="avatar-header.png"
            width="50px"
          />
        </span>
        <span
          class="profile-more"
        >
          <img
            alt="avatar"
            height="6px"
            src="Vector.png"
            width="12px"
          />
        </span>
      </div>
    </div>
    <div
      class="dashboard-header"
    >
      <div
        class="dashboard-text"
      >
        Dashboard
      </div>
      <div
        class="dashboard-subtext"
      >
        Mobile UX/UI Design Course
      </div>
    </div>
    <div
      class="all-sections"
    >
      <div
        class="section-container"
        data-testid="custom-sections"
      >
        <div
          class="section-data"
        >
          <span>
            <img
              src="Ellipse.png"
            />
            <img
              class="hover-image"
              src="user.png"
            />
          </span>
          <div
            class="section-title"
          >
            62
          </div>
          <div
            class="section-subtitle"
          >
            Students
          </div>
        </div>
      </div>
      <div
        class="section-container"
        data-testid="custom-sections"
      >
        <div
          class="section-data"
        >
          <span>
            <img
              src="Ellipse.png"
            />
            <img
              class="hover-image"
              src="thunder.png"
            />
          </span>
          <div
            class="section-title"
          >
            6.8
          </div>
          <div
            class="section-subtitle"
          >
            Average Markes
          </div>
        </div>
      </div>
      <div
        class="section-container"
        data-testid="custom-sections"
      >
        <div
          class="section-data"
        >
          <span>
            <img
              src="Ellipse.png"
            />
            <img
              class="hover-image"
              src="thunder.png"
            />
          </span>
          <div
            class="section-title"
          >
            9
            <span
              class="section-subtext"
            >
              (14%)
            </span>
          </div>
          <div
            class="section-subtitle"
          >
            Underperforming students
          </div>
        </div>
      </div>
    </div>
    <div
      class="table-container"
    >
      <div
        class="table-header"
      >
        <span>
          Students by average marks
        </span>
        <button>
          Descending
        </button>
      </div>
      <hr />
      <div
        class="student-list"
      >
        <div
          class="table-row"
          data-testid="student-row"
        >
          <span>
            <img
              height="40px"
              src="Ellipse.png"
              width="40px"
            />
          </span>
          <span
            class="row-title"
          >
            Annete Watson
          </span>
          <span
            class="row-marks"
          >
            9.3
          </span>
        </div>
        <div
          class="table-row"
          data-testid="student-row"
        >
          <span>
            <img
              height="40px"
              src="Ellipse.png"
              width="40px"
            />
          </span>
          <span
            class="row-title"
          >
            Calvin Steward
          </span>
          <span
            class="row-marks"
          >
            8.9
          </span>
        </div>
        <div
          class="table-row"
          data-testid="student-row"
        >
          <span>
            <img
              height="40px"
              src="Ellipse.png"
              width="40px"
            />
          </span>
          <span
            class="row-title"
          >
            Ralph Richards
          </span>
          <span
            class="row-marks"
          >
            8.7
          </span>
        </div>
        <div
          class="table-row"
          data-testid="student-row"
        >
          <span>
            <img
              height="40px"
              src="Ellipse.png"
              width="40px"
            />
          </span>
          <span
            class="row-title"
          >
            Bernard Murphy
          </span>
          <span
            class="row-marks"
          >
            8.2
          </span>
        </div>
        <div
          class="table-row"
          data-testid="student-row"
        >
          <span>
            <img
              height="40px"
              src="Ellipse.png"
              width="40px"
            />
          </span>
          <span
            class="row-title"
          >
            Arlene Robertson
          </span>
          <span
            class="row-marks"
          >
            8.2
          </span>
        </div>
        <div
          class="table-row"
          data-testid="student-row"
        >
          <span>
            <img
              height="40px"
              src="Ellipse.png"
              width="40px"
            />
          </span>
          <span
            class="row-title"
          >
            John Lane
          </span>
          <span
            class="row-marks"
          >
            8.1
          </span>
        </div>
        <div
          class="table-row"
          data-testid="student-row"
        >
          <span>
            <img
              height="40px"
              src="Ellipse.png"
              width="40px"
            />
          </span>
          <span
            class="row-title"
          >
            Pat McKinney
          </span>
          <span
            class="row-marks"
          >
            7.9
          </span>
        </div>
      </div>
    </div>
  </div>
</div>
`;
