// Jest Snapshot v1, https://goo.gl/fbAQLP

exports[`<StudentsTable/> Verify Students table is rendered 1`] = `
<div>
  <div
    class="table-container"
  >
    <div
      class="table-header"
    >
      <span>
        Students by average marks
      </span>
      <button>
        Descending
      </button>
    </div>
    <hr />
    <div
      class="student-list"
    >
      <div
        class="table-row"
        data-testid="student-row"
      >
        <span>
          <img
            height="40px"
            src="Ellipse.png"
            width="40px"
          />
        </span>
        <span
          class="row-title"
        >
          Annete Watson
        </span>
        <span
          class="row-marks"
        >
          9.3
        </span>
      </div>
      <div
        class="table-row"
        data-testid="student-row"
      >
        <span>
          <img
            height="40px"
            src="Ellipse.png"
            width="40px"
          />
        </span>
        <span
          class="row-title"
        >
          Calvin Steward
        </span>
        <span
          class="row-marks"
        >
          8.9
        </span>
      </div>
      <div
        class="table-row"
        data-testid="student-row"
      >
        <span>
          <img
            height="40px"
            src="Ellipse.png"
            width="40px"
          />
        </span>
        <span
          class="row-title"
        >
          Ralph Richards
        </span>
        <span
          class="row-marks"
        >
          8.7
        </span>
      </div>
      <div
        class="table-row"
        data-testid="student-row"
      >
        <span>
          <img
            height="40px"
            src="Ellipse.png"
            width="40px"
          />
        </span>
        <span
          class="row-title"
        >
          Bernard Murphy
        </span>
        <span
          class="row-marks"
        >
          8.2
        </span>
      </div>
      <div
        class="table-row"
        data-testid="student-row"
      >
        <span>
          <img
            height="40px"
            src="Ellipse.png"
            width="40px"
          />
        </span>
        <span
          class="row-title"
        >
          Arlene Robertson
        </span>
        <span
          class="row-marks"
        >
          8.2
        </span>
      </div>
      <div
        class="table-row"
        data-testid="student-row"
      >
        <span>
          <img
            height="40px"
            src="Ellipse.png"
            width="40px"
          />
        </span>
        <span
          class="row-title"
        >
          John Lane
        </span>
        <span
          class="row-marks"
        >
          8.1
        </span>
      </div>
      <div
        class="table-row"
        data-testid="student-row"
      >
        <span>
          <img
            height="40px"
            src="Ellipse.png"
            width="40px"
          />
        </span>
        <span
          class="row-title"
        >
          Pat McKinney
        </span>
        <span
          class="row-marks"
        >
          7.9
        </span>
      </div>
    </div>
  </div>
</div>
`;
